Java HotSpot(TM) 64-Bit Server VM (25.31-b07) for linux-amd64 JRE (1.8.0_31-b13), built on Dec 17 2014 20:40:15 by "java_re" with gcc 4.3.0 20080428 (Red Hat 4.3.0-8)
Memory: 4k page, physical 7892232k(1622420k free), swap 3906556k(3906556k free)
CommandLine flags: -XX:InitialHeapSize=314572800 -XX:MaxHeapSize=314572800 -XX:MaxNewSize=52428800 -XX:MaxTenuringThreshold=6 -XX:MinHeapFreeRatio=40 -XX:NewSize=52428800 -XX:OldPLABSize=16 -XX:+OptimizeStringConcat -XX:+PrintGC -XX:+PrintGCDetails -XX:+PrintGCTimeStamps -XX:+UseCompressedClassPointers -XX:+UseCompressedOops -XX:+UseConcMarkSweepGC -XX:+UseFastAccessorMethods -XX:+UseParNewGC 
13,461: [GC (Allocation Failure) 13,461: [ParNew: 40960K->5120K(46080K), 0,0145845 secs] 40960K->8803K(302080K), 0,0147180 secs] [Times: user=0,01 sys=0,02, real=0,02 secs] 
15,066: [GC (Allocation Failure) 15,066: [ParNew: 46080K->3335K(46080K), 0,0489110 secs] 49763K->12261K(302080K), 0,0490327 secs] [Times: user=0,13 sys=0,01, real=0,05 secs] 
16,633: [GC (Allocation Failure) 16,633: [ParNew: 44295K->766K(46080K), 0,0049192 secs] 53221K->9692K(302080K), 0,0050231 secs] [Times: user=0,01 sys=0,00, real=0,00 secs] 
18,016: [GC (Allocation Failure) 18,016: [ParNew: 41719K->508K(46080K), 0,0038719 secs] 50644K->9434K(302080K), 0,0039626 secs] [Times: user=0,01 sys=0,00, real=0,00 secs] 
19,569: [GC (Allocation Failure) 19,569: [ParNew: 41468K->537K(46080K), 0,0042849 secs] 50394K->9463K(302080K), 0,0043922 secs] [Times: user=0,02 sys=0,00, real=0,01 secs] 
20,819: [GC (Allocation Failure) 20,819: [ParNew: 41497K->585K(46080K), 0,0111996 secs] 50423K->9511K(302080K), 0,0113384 secs] [Times: user=0,02 sys=0,00, real=0,01 secs] 
22,092: [GC (Allocation Failure) 22,092: [ParNew: 41545K->370K(46080K), 0,0066221 secs] 50471K->9295K(302080K), 0,0067601 secs] [Times: user=0,02 sys=0,00, real=0,01 secs] 
23,378: [GC (Allocation Failure) 23,378: [ParNew: 41330K->359K(46080K), 0,0049224 secs] 50255K->9338K(302080K), 0,0050260 secs] [Times: user=0,01 sys=0,00, real=0,01 secs] 
24,650: [GC (Allocation Failure) 24,651: [ParNew: 41319K->381K(46080K), 0,0058452 secs] 50298K->9482K(302080K), 0,0059882 secs] [Times: user=0,01 sys=0,00, real=0,01 secs] 
25,949: [GC (Allocation Failure) 25,949: [ParNew: 41341K->246K(46080K), 0,0057161 secs] 50442K->9355K(302080K), 0,0058409 secs] [Times: user=0,01 sys=0,00, real=0,01 secs] 
27,197: [GC (Allocation Failure) 27,197: [ParNew: 41176K->235K(46080K), 0,0044243 secs] 50284K->9346K(302080K), 0,0045346 secs] [Times: user=0,01 sys=0,00, real=0,01 secs] 
28,520: [GC (Allocation Failure) 28,520: [ParNew: 41195K->192K(46080K), 0,0057048 secs] 50306K->9305K(302080K), 0,0058199 secs] [Times: user=0,01 sys=0,00, real=0,01 secs] 
29,776: [GC (Allocation Failure) 29,776: [ParNew: 41152K->282K(46080K), 0,0038762 secs] 50265K->9397K(302080K), 0,0039831 secs] [Times: user=0,01 sys=0,00, real=0,00 secs] 
31,033: [GC (Allocation Failure) 31,033: [ParNew: 41242K->172K(46080K), 0,0040796 secs] 50357K->9299K(302080K), 0,0042092 secs] [Times: user=0,01 sys=0,00, real=0,00 secs] 
32,257: [GC (Allocation Failure) 32,257: [ParNew: 41132K->210K(46080K), 0,0034293 secs] 50259K->9337K(302080K), 0,0035158 secs] [Times: user=0,00 sys=0,00, real=0,00 secs] 
33,519: [GC (Allocation Failure) 33,519: [ParNew: 41170K->204K(46080K), 0,0039052 secs] 50297K->9334K(302080K), 0,0040224 secs] [Times: user=0,01 sys=0,00, real=0,01 secs] 
34,889: [GC (Allocation Failure) 34,889: [ParNew: 41164K->210K(46080K), 0,0051552 secs] 50294K->9357K(302080K), 0,0052587 secs] [Times: user=0,01 sys=0,00, real=0,01 secs] 
36,238: [GC (Allocation Failure) 36,238: [ParNew: 41170K->244K(46080K), 0,0038375 secs] 50317K->9392K(302080K), 0,0039467 secs] [Times: user=0,01 sys=0,00, real=0,01 secs] 
37,518: [GC (Allocation Failure) 37,518: [ParNew: 41204K->169K(46080K), 0,0041407 secs] 50352K->9329K(302080K), 0,0042357 secs] [Times: user=0,01 sys=0,00, real=0,01 secs] 
38,789: [GC (Allocation Failure) 38,789: [ParNew: 41129K->174K(46080K), 0,0044449 secs] 50289K->9335K(302080K), 0,0045641 secs] [Times: user=0,00 sys=0,00, real=0,01 secs] 
40,157: [GC (Allocation Failure) 40,157: [ParNew: 41134K->236K(46080K), 0,0036375 secs] 50295K->9398K(302080K), 0,0037361 secs] [Times: user=0,01 sys=0,00, real=0,01 secs] 
41,444: [GC (Allocation Failure) 41,444: [ParNew: 41196K->232K(46080K), 0,0050603 secs] 50358K->9396K(302080K), 0,0051879 secs] [Times: user=0,02 sys=0,00, real=0,00 secs] 
42,755: [GC (Allocation Failure) 42,755: [ParNew: 41192K->221K(46080K), 0,0041408 secs] 50356K->9388K(302080K), 0,0042557 secs] [Times: user=0,01 sys=0,00, real=0,00 secs] 
44,118: [GC (Allocation Failure) 44,118: [ParNew: 41181K->156K(46080K), 0,0032701 secs] 50348K->9334K(302080K), 0,0033800 secs] [Times: user=0,01 sys=0,00, real=0,01 secs] 
45,462: [GC (Allocation Failure) 45,462: [ParNew: 41116K->171K(46080K), 0,0038383 secs] 50294K->9360K(302080K), 0,0039486 secs] [Times: user=0,01 sys=0,00, real=0,00 secs] 
46,773: [GC (Allocation Failure) 46,773: [ParNew: 41131K->189K(46080K), 0,0032587 secs] 50320K->9379K(302080K), 0,0033688 secs] [Times: user=0,01 sys=0,00, real=0,00 secs] 
48,021: [GC (Allocation Failure) 48,021: [ParNew: 41149K->129K(46080K), 0,0040619 secs] 50339K->9322K(302080K), 0,0041646 secs] [Times: user=0,01 sys=0,00, real=0,00 secs] 
49,268: [GC (Allocation Failure) 49,268: [ParNew: 41089K->135K(46080K), 0,0044100 secs] 50282K->9330K(302080K), 0,0045126 secs] [Times: user=0,01 sys=0,00, real=0,01 secs] 
50,541: [GC (Allocation Failure) 50,541: [ParNew: 41095K->166K(46080K), 0,0039470 secs] 50290K->9362K(302080K), 0,0040716 secs] [Times: user=0,01 sys=0,00, real=0,00 secs] 
51,808: [GC (Allocation Failure) 51,808: [ParNew: 41126K->169K(46080K), 0,0039486 secs] 50322K->9366K(302080K), 0,0040661 secs] [Times: user=0,01 sys=0,00, real=0,00 secs] 
53,059: [GC (Allocation Failure) 53,059: [ParNew: 41129K->203K(46080K), 0,0032067 secs] 50326K->9410K(302080K), 0,0033195 secs] [Times: user=0,00 sys=0,01, real=0,01 secs] 
54,315: [GC (Allocation Failure) 54,315: [ParNew: 41163K->156K(46080K), 0,0044799 secs] 50370K->9365K(302080K), 0,0045773 secs] [Times: user=0,00 sys=0,00, real=0,00 secs] 
55,727: [GC (Allocation Failure) 55,727: [ParNew: 41116K->149K(46080K), 0,0042319 secs] 50325K->9360K(302080K), 0,0043565 secs] [Times: user=0,01 sys=0,00, real=0,00 secs] 
57,032: [GC (Allocation Failure) 57,032: [ParNew: 41109K->154K(46080K), 0,0044773 secs] 50320K->9367K(302080K), 0,0045699 secs] [Times: user=0,00 sys=0,00, real=0,01 secs] 
58,290: [GC (Allocation Failure) 58,290: [ParNew: 41114K->172K(46080K), 0,0045913 secs] 50327K->9387K(302080K), 0,0047032 secs] [Times: user=0,01 sys=0,00, real=0,01 secs] 
59,624: [GC (Allocation Failure) 59,624: [ParNew: 41132K->179K(46080K), 0,0032034 secs] 50347K->9395K(302080K), 0,0033139 secs] [Times: user=0,01 sys=0,00, real=0,00 secs] 
60,911: [GC (Allocation Failure) 60,911: [ParNew: 41139K->212K(46080K), 0,0038903 secs] 50355K->9439K(302080K), 0,0040355 secs] [Times: user=0,02 sys=0,00, real=0,01 secs] 
62,186: [GC (Allocation Failure) 62,186: [ParNew: 41172K->183K(46080K), 0,0034154 secs] 50399K->9413K(302080K), 0,0035210 secs] [Times: user=0,01 sys=0,00, real=0,00 secs] 
63,456: [GC (Allocation Failure) 63,456: [ParNew: 41143K->219K(46080K), 0,0033142 secs] 50373K->9449K(302080K), 0,0034155 secs] [Times: user=0,01 sys=0,00, real=0,00 secs] 
64,822: [GC (Allocation Failure) 64,822: [ParNew: 41179K->233K(46080K), 0,0022608 secs] 50409K->9467K(302080K), 0,0023398 secs] [Times: user=0,01 sys=0,01, real=0,00 secs] 
66,127: [GC (Allocation Failure) 66,128: [ParNew: 41193K->190K(46080K), 0,0049023 secs] 50427K->9427K(302080K), 0,0050350 secs] [Times: user=0,01 sys=0,00, real=0,00 secs] 
67,433: [GC (Allocation Failure) 67,433: [ParNew: 41150K->158K(46080K), 0,0027222 secs] 50387K->9397K(302080K), 0,0028170 secs] [Times: user=0,01 sys=0,00, real=0,01 secs] 
68,699: [GC (Allocation Failure) 68,699: [ParNew: 41118K->188K(46080K), 0,0023142 secs] 50357K->9438K(302080K), 0,0023942 secs] [Times: user=0,00 sys=0,00, real=0,01 secs] 
69,953: [GC (Allocation Failure) 69,953: [ParNew: 41120K->198K(46080K), 0,0051160 secs] 50370K->9450K(302080K), 0,0052805 secs] [Times: user=0,01 sys=0,00, real=0,01 secs] 
71,210: [GC (Allocation Failure) 71,210: [ParNew: 41158K->164K(46080K), 0,0035419 secs] 50410K->9419K(302080K), 0,0036954 secs] [Times: user=0,00 sys=0,00, real=0,01 secs] 
72,500: [GC (Allocation Failure) 72,500: [ParNew: 41124K->202K(46080K), 0,0033427 secs] 50379K->9459K(302080K), 0,0034252 secs] [Times: user=0,01 sys=0,00, real=0,01 secs] 
73,750: [GC (Allocation Failure) 73,750: [ParNew: 41162K->236K(46080K), 0,0040103 secs] 50419K->9495K(302080K), 0,0041369 secs] [Times: user=0,00 sys=0,00, real=0,01 secs] 
75,026: [GC (Allocation Failure) 75,026: [ParNew: 41196K->184K(46080K), 0,0037074 secs] 50455K->9447K(302080K), 0,0038228 secs] [Times: user=0,00 sys=0,00, real=0,00 secs] 
76,312: [GC (Allocation Failure) 76,312: [ParNew: 41144K->187K(46080K), 0,0027367 secs] 50407K->9463K(302080K), 0,0028317 secs] [Times: user=0,01 sys=0,00, real=0,01 secs] 
77,529: [GC (Allocation Failure) 77,529: [ParNew: 41147K->265K(46080K), 0,0026643 secs] 50423K->9542K(302080K), 0,0027486 secs] [Times: user=0,00 sys=0,00, real=0,00 secs] 
78,827: [GC (Allocation Failure) 78,827: [ParNew: 41225K->240K(46080K), 0,0044227 secs] 50502K->9521K(302080K), 0,0045536 secs] [Times: user=0,01 sys=0,00, real=0,00 secs] 
80,078: [GC (Allocation Failure) 80,078: [ParNew: 41200K->303K(46080K), 0,0036501 secs] 50481K->9591K(302080K), 0,0037412 secs] [Times: user=0,01 sys=0,00, real=0,01 secs] 
81,362: [GC (Allocation Failure) 81,362: [ParNew: 41263K->190K(46080K), 0,0026210 secs] 50551K->9481K(302080K), 0,0027134 secs] [Times: user=0,01 sys=0,00, real=0,00 secs] 
82,714: [GC (Allocation Failure) 82,714: [ParNew: 41150K->195K(46080K), 0,0039501 secs] 50441K->9497K(302080K), 0,0040656 secs] [Times: user=0,01 sys=0,00, real=0,00 secs] 
83,983: [GC (Allocation Failure) 83,983: [ParNew: 41155K->245K(46080K), 0,0034371 secs] 50457K->9550K(302080K), 0,0035354 secs] [Times: user=0,01 sys=0,00, real=0,00 secs] 
85,309: [GC (Allocation Failure) 85,309: [ParNew: 41205K->184K(46080K), 0,0051298 secs] 50510K->9492K(302080K), 0,0052528 secs] [Times: user=0,01 sys=0,00, real=0,01 secs] 
86,703: [GC (Allocation Failure) 86,703: [ParNew: 41144K->159K(46080K), 0,0032755 secs] 50452K->9470K(302080K), 0,0033841 secs] [Times: user=0,01 sys=0,00, real=0,00 secs] 
88,002: [GC (Allocation Failure) 88,002: [ParNew: 41119K->196K(46080K), 0,0031734 secs] 50430K->9508K(302080K), 0,0032668 secs] [Times: user=0,00 sys=0,00, real=0,00 secs] 
89,272: [GC (Allocation Failure) 89,272: [ParNew: 41156K->224K(46080K), 0,0040977 secs] 50468K->9538K(302080K), 0,0042487 secs] [Times: user=0,01 sys=0,00, real=0,01 secs] 
90,519: [GC (Allocation Failure) 90,519: [ParNew: 41184K->220K(46080K), 0,0029217 secs] 50498K->9546K(302080K), 0,0030062 secs] [Times: user=0,01 sys=0,00, real=0,01 secs] 
91,829: [GC (Allocation Failure) 91,829: [ParNew: 41180K->187K(46080K), 0,0037246 secs] 50506K->9517K(302080K), 0,0038336 secs] [Times: user=0,01 sys=0,00, real=0,01 secs] 
93,117: [GC (Allocation Failure) 93,117: [ParNew: 41147K->193K(46080K), 0,0028906 secs] 50477K->9526K(302080K), 0,0030055 secs] [Times: user=0,01 sys=0,00, real=0,00 secs] 
94,369: [GC (Allocation Failure) 94,369: [ParNew: 41153K->232K(46080K), 0,0029363 secs] 50486K->9569K(302080K), 0,0030335 secs] [Times: user=0,01 sys=0,00, real=0,00 secs] 
95,618: [GC (Allocation Failure) 95,618: [ParNew: 41192K->188K(46080K), 0,0044379 secs] 50529K->9527K(302080K), 0,0045531 secs] [Times: user=0,01 sys=0,00, real=0,01 secs] 
96,909: [GC (Allocation Failure) 96,909: [ParNew: 41148K->136K(46080K), 0,0045914 secs] 50487K->9479K(302080K), 0,0047494 secs] [Times: user=0,00 sys=0,00, real=0,01 secs] 
98,186: [GC (Allocation Failure) 98,186: [ParNew: 41096K->174K(46080K), 0,0042632 secs] 50439K->9528K(302080K), 0,0043712 secs] [Times: user=0,01 sys=0,00, real=0,00 secs] 
99,421: [GC (Allocation Failure) 99,421: [ParNew: 41134K->228K(46080K), 0,0033283 secs] 50488K->9586K(302080K), 0,0034382 secs] [Times: user=0,01 sys=0,00, real=0,00 secs] 
100,697: [GC (Allocation Failure) 100,697: [ParNew: 41188K->197K(46080K), 0,0036568 secs] 50546K->9559K(302080K), 0,0038067 secs] [Times: user=0,01 sys=0,00, real=0,01 secs] 
102,020: [GC (Allocation Failure) 102,020: [ParNew: 41157K->171K(46080K), 0,0039928 secs] 50519K->9537K(302080K), 0,0040931 secs] [Times: user=0,01 sys=0,00, real=0,01 secs] 
103,330: [GC (Allocation Failure) 103,330: [ParNew: 41131K->212K(46080K), 0,0038800 secs] 50497K->9580K(302080K), 0,0040051 secs] [Times: user=0,01 sys=0,00, real=0,01 secs] 
104,630: [GC (Allocation Failure) 104,630: [ParNew: 41169K->234K(46080K), 0,0049447 secs] 50537K->9606K(302080K), 0,0050601 secs] [Times: user=0,01 sys=0,00, real=0,01 secs] 
105,903: [GC (Allocation Failure) 105,903: [ParNew: 41194K->168K(46080K), 0,0032735 secs] 50566K->9553K(302080K), 0,0033761 secs] [Times: user=0,01 sys=0,00, real=0,00 secs] 
107,176: [GC (Allocation Failure) 107,176: [ParNew: 41128K->223K(46080K), 0,0042650 secs] 50513K->9615K(302080K), 0,0043797 secs] [Times: user=0,01 sys=0,00, real=0,00 secs] 
108,440: [GC (Allocation Failure) 108,440: [ParNew: 41183K->208K(46080K), 0,0025361 secs] 50575K->9603K(302080K), 0,0026239 secs] [Times: user=0,01 sys=0,00, real=0,01 secs] 
109,690: [GC (Allocation Failure) 109,690: [ParNew: 41168K->226K(46080K), 0,0033225 secs] 50563K->9626K(302080K), 0,0034311 secs] [Times: user=0,00 sys=0,01, real=0,01 secs] 
110,992: [GC (Allocation Failure) 110,992: [ParNew: 41186K->163K(46080K), 0,0031935 secs] 50586K->9566K(302080K), 0,0033023 secs] [Times: user=0,01 sys=0,00, real=0,01 secs] 
112,238: [GC (Allocation Failure) 112,238: [ParNew: 41123K->199K(46080K), 0,0037358 secs] 50526K->9608K(302080K), 0,0038557 secs] [Times: user=0,01 sys=0,00, real=0,01 secs] 
113,490: [GC (Allocation Failure) 113,491: [ParNew: 41133K->216K(46080K), 0,0050477 secs] 50542K->9640K(302080K), 0,0051891 secs] [Times: user=0,01 sys=0,00, real=0,01 secs] 
114,770: [GC (Allocation Failure) 114,770: [ParNew: 41176K->188K(46080K), 0,0038846 secs] 50600K->9614K(302080K), 0,0039959 secs] [Times: user=0,01 sys=0,00, real=0,01 secs] 
116,053: [GC (Allocation Failure) 116,053: [ParNew: 41148K->257K(46080K), 0,0038794 secs] 50574K->9687K(302080K), 0,0039797 secs] [Times: user=0,00 sys=0,00, real=0,00 secs] 
117,366: [GC (Allocation Failure) 117,366: [ParNew: 41217K->206K(46080K), 0,0078855 secs] 50647K->9641K(302080K), 0,0079931 secs] [Times: user=0,01 sys=0,00, real=0,01 secs] 
118,614: [GC (Allocation Failure) 118,615: [ParNew: 41166K->212K(46080K), 0,0035130 secs] 50601K->9650K(302080K), 0,0036422 secs] [Times: user=0,01 sys=0,00, real=0,00 secs] 
119,868: [GC (Allocation Failure) 119,868: [ParNew: 41172K->272K(46080K), 0,0030055 secs] 50610K->9724K(302080K), 0,0031129 secs] [Times: user=0,01 sys=0,00, real=0,00 secs] 
121,108: [GC (Allocation Failure) 121,109: [ParNew: 41201K->253K(46080K), 0,0033446 secs] 50653K->9708K(302080K), 0,0034423 secs] [Times: user=0,01 sys=0,00, real=0,00 secs] 
122,330: [GC (Allocation Failure) 122,331: [ParNew: 41202K->219K(46080K), 0,0032752 secs] 50657K->9681K(302080K), 0,0034149 secs] [Times: user=0,01 sys=0,00, real=0,01 secs] 
123,610: [GC (Allocation Failure) 123,610: [ParNew: 41179K->200K(46080K), 0,0030698 secs] 50641K->9666K(302080K), 0,0031806 secs] [Times: user=0,01 sys=0,00, real=0,01 secs] 
124,868: [GC (Allocation Failure) 124,868: [ParNew: 41160K->195K(46080K), 0,0050851 secs] 50626K->9666K(302080K), 0,0052090 secs] [Times: user=0,01 sys=0,00, real=0,01 secs] 
126,165: [GC (Allocation Failure) 126,165: [ParNew: 41155K->207K(46080K), 0,0046536 secs] 50626K->9680K(302080K), 0,0047662 secs] [Times: user=0,01 sys=0,00, real=0,00 secs] 
127,501: [GC (Allocation Failure) 127,501: [ParNew: 41167K->190K(46080K), 0,0052464 secs] 50640K->9677K(302080K), 0,0053596 secs] [Times: user=0,00 sys=0,00, real=0,01 secs] 
128,787: [GC (Allocation Failure) 128,787: [ParNew: 41150K->182K(46080K), 0,0026984 secs] 50637K->9674K(302080K), 0,0028053 secs] [Times: user=0,01 sys=0,00, real=0,00 secs] 
130,051: [GC (Allocation Failure) 130,051: [ParNew: 41142K->237K(46080K), 0,0066086 secs] 50634K->9733K(302080K), 0,0067075 secs] [Times: user=0,01 sys=0,00, real=0,01 secs] 
131,314: [GC (Allocation Failure) 131,314: [ParNew: 41197K->246K(46080K), 0,0031332 secs] 50693K->9748K(302080K), 0,0032339 secs] [Times: user=0,01 sys=0,00, real=0,00 secs] 
132,578: [GC (Allocation Failure) 132,578: [ParNew: 41206K->244K(46080K), 0,0064818 secs] 50708K->9751K(302080K), 0,0066078 secs] [Times: user=0,01 sys=0,00, real=0,01 secs] 
133,817: [GC (Allocation Failure) 133,818: [ParNew: 41204K->235K(46080K), 0,0033724 secs] 50711K->9748K(302080K), 0,0034790 secs] [Times: user=0,01 sys=0,00, real=0,01 secs] 
135,095: [GC (Allocation Failure) 135,095: [ParNew: 41195K->279K(46080K), 0,0026947 secs] 50708K->9809K(302080K), 0,0027971 secs] [Times: user=0,00 sys=0,00, real=0,00 secs] 
136,363: [GC (Allocation Failure) 136,363: [ParNew: 41239K->296K(46080K), 0,0041424 secs] 50769K->9831K(302080K), 0,0042583 secs] [Times: user=0,01 sys=0,00, real=0,00 secs] 
137,674: [GC (Allocation Failure) 137,674: [ParNew: 41252K->291K(46080K), 0,0034571 secs] 50787K->9830K(302080K), 0,0035939 secs] [Times: user=0,01 sys=0,00, real=0,00 secs] 
138,945: [GC (Allocation Failure) 138,945: [ParNew: 41251K->273K(46080K), 0,0039388 secs] 50790K->9822K(302080K), 0,0040451 secs] [Times: user=0,01 sys=0,01, real=0,00 secs] 
140,216: [GC (Allocation Failure) 140,216: [ParNew: 41233K->244K(46080K), 0,0035429 secs] 50782K->9799K(302080K), 0,0036601 secs] [Times: user=0,01 sys=0,00, real=0,00 secs] 
141,529: [GC (Allocation Failure) 141,529: [ParNew: 41204K->243K(46080K), 0,0038015 secs] 50759K->9802K(302080K), 0,0039095 secs] [Times: user=0,01 sys=0,00, real=0,01 secs] 
142,830: [GC (Allocation Failure) 142,830: [ParNew: 41203K->236K(46080K), 0,0034992 secs] 50762K->9817K(302080K), 0,0036064 secs] [Times: user=0,01 sys=0,00, real=0,01 secs] 
144,095: [GC (Allocation Failure) 144,095: [ParNew: 41196K->277K(46080K), 0,0043775 secs] 50777K->9865K(302080K), 0,0044925 secs] [Times: user=0,01 sys=0,00, real=0,00 secs] 
145,367: [GC (Allocation Failure) 145,367: [ParNew: 41228K->296K(46080K), 0,0028206 secs] 50816K->9891K(302080K), 0,0029149 secs] [Times: user=0,00 sys=0,00, real=0,00 secs] 
146,631: [GC (Allocation Failure) 146,631: [ParNew: 41256K->329K(46080K), 0,0042024 secs] 50851K->9930K(302080K), 0,0043260 secs] [Times: user=0,01 sys=0,00, real=0,01 secs] 
148,021: [GC (Allocation Failure) 148,021: [ParNew: 41289K->263K(46080K), 0,0040199 secs] 50890K->9869K(302080K), 0,0041508 secs] [Times: user=0,01 sys=0,00, real=0,00 secs] 
149,271: [GC (Allocation Failure) 149,271: [ParNew: 41223K->282K(46080K), 0,0058658 secs] 50829K->9897K(302080K), 0,0059671 secs] [Times: user=0,01 sys=0,00, real=0,01 secs] 
150,520: [GC (Allocation Failure) 150,520: [ParNew: 41242K->283K(46080K), 0,0046409 secs] 50857K->9911K(302080K), 0,0047573 secs] [Times: user=0,00 sys=0,00, real=0,01 secs] 
151,822: [GC (Allocation Failure) 151,822: [ParNew: 41243K->202K(46080K), 0,0040498 secs] 50871K->9836K(302080K), 0,0041308 secs] [Times: user=0,00 sys=0,00, real=0,00 secs] 
153,214: [GC (Allocation Failure) 153,214: [ParNew: 41162K->216K(46080K), 0,0054685 secs] 50796K->9856K(302080K), 0,0055697 secs] [Times: user=0,01 sys=0,00, real=0,00 secs] 
Heap
 par new generation   total 46080K, used 33361K [0x00000000ed400000, 0x00000000f0600000, 0x00000000f0600000)
  eden space 40960K,  80% used [0x00000000ed400000, 0x00000000ef45e4d0, 0x00000000efc00000)
  from space 5120K,   4% used [0x00000000f0100000, 0x00000000f01362d0, 0x00000000f0600000)
  to   space 5120K,   0% used [0x00000000efc00000, 0x00000000efc00000, 0x00000000f0100000)
 concurrent mark-sweep generation total 256000K, used 9639K [0x00000000f0600000, 0x0000000100000000, 0x0000000100000000)
 Metaspace       used 16476K, capacity 16630K, committed 17024K, reserved 1064960K
  class space    used 1784K, capacity 1825K, committed 1920K, reserved 1048576K
